// Jest Snapshot v1, https://goo.gl/fbAQLP

exports[`CollectionContainer should render the CollectionContainer Component correctly 1`] = `
<Fragment>
  <div
    className="col-xs-12 col-sm-12 col-md-12 col-lg-12"
  >
    <HeaderSection
      handleClick={[Function]}
      history={
        Object {
          "location": Object {
            "hash": "",
            "key": "zgfeb7",
            "pathname": "/collections",
            "search": "",
            "state": null,
          },
        }
      }
    />
  </div>
  <div
    className="d-xl-flex d-lg-flex d-md-flex d-sm-none col-xs-12 col-sm-12 col-md-12 col-lg-12 custom-padding-1"
  >
    <ColumnOne
      getDeptValue={[Function]}
      handleClick={[Function]}
      history={
        Object {
          "location": Object {
            "hash": "",
            "key": "zgfeb7",
            "pathname": "/collections",
            "search": "",
            "state": null,
          },
        }
      }
    />
    <div
      className="col-xs-12 col-sm-12 col-md-10 col-lg-10 col-xl-10 bordered custom-full-height-4 custom-body-bg"
    >
      <div
        className="vertical-center d-none d-sm-block"
        id="emptyState"
      >
        <center>
          <h1
            className="pb-2"
          >
            No collections selected
          </h1>
          <p
            className="col-7 pb-2"
          >
            Please select a collection from the left side to see its details here
          </p>
          <img
            alt="empty list"
            src="../../img/empty/lists_empty.svg"
          />
        </center>
      </div>
    </div>
  </div>
</Fragment>
`;
